
> everrank-blog@0.0.1 build
> astro build

[2m06:03:30[22m [34m[content][39m Syncing content
[2m06:03:30[22m [34m[content][39m Content config changed
[2m06:03:30[22m [34m[content][39m Clearing content store
[2m06:03:30[22m [34m[content][39m Synced content
[2m06:03:30[22m [34m[types][39m Generated [2m1.02s[22m
[2m06:03:30[22m [34m[build][39m output: [34m"static"[39m
[2m06:03:30[22m [34m[build][39m mode: [34m"static"[39m
[2m06:03:30[22m [34m[build][39m directory: [34mC:\Users\Galaxy\everrank-blog\dist\[39m
[2m06:03:30[22m [34m[build][39m Collecting build info...
[2m06:03:30[22m [34m[build][39m [32mΓ£ô Completed in 1.07s.[39m
[2m06:03:30[22m [34m[build][39m Building static entrypoints...
[2m06:03:35[22m [34m[vite][39m [32mΓ£ô built in 4.33s[39m
[2m06:03:35[22m [34m[build][39m [32mΓ£ô Completed in 4.39s.[39m

[42m[30m building client (vite) [39m[49m
[2m06:03:35[22m [34m[vite][39m transforming...
[2m06:03:35[22m [34m[vite][39m [32mΓ£ô[39m 8 modules transformed.
[2m06:03:35[22m [34m[vite][39m rendering chunks...
[2m06:03:35[22m [34m[vite][39m [32mΓ£ô built in 104ms[39m

[42m[30m generating static routes [39m[49m
[2m06:03:37[22m [32mΓû╢[39m src/pages/comparison-guides/[slug].astro
[2m06:03:37[22m   [34mΓö£ΓöÇ[39m [2m/comparison-guides/everrank-vs-ahrefs/index.html[22m [2m(+27ms)[22m 
[2m06:03:37[22m   [34mΓööΓöÇ[39m [2m/comparison-guides/everrank-vs-semrush/index.html[22m [2m(+8ms)[22m 
[2m06:03:37[22m [35m╬╗[39m src/pages/feed.json.ts
[2m06:03:37[22m   [34mΓööΓöÇ[39m [2m/feed.json[22m [2m(+6ms)[22m 
[2m06:03:37[22m [32mΓû╢[39m src/pages/how-to/[slug].astro
[2m06:03:37[22m   [34mΓö£ΓöÇ[39m [2m/how-to/how-to-track-optimize-website-performance/index.html[22m [2m(+18ms)[22m 
[2m06:03:37[22m   [34mΓö£ΓöÇ[39m [2m/how-to/how-to-automate-content-with-draftiq/index.html[22m [2m(+9ms)[22m 
[2m06:03:37[22m   [34mΓööΓöÇ[39m [2m/how-to/how-to-use-everrank-for-seo/index.html[22m [2m(+11ms)[22m 
[2m06:03:37[22m [35m╬╗[39m src/pages/rss.xml.ts
[RSS] Invalid or missing options:
Invalid input (items)
The `items` property requires at least the `title` or `description` key. They must be properly typed, as well as `pubDate` and `link` keys if provided.
Check your collection's schema, and visit https://docs.astro.build/en/recipes/rss/#generating-items for more info.
  Stack trace:
    at validateRssOptions (file:///C:/Users/Galaxy/everrank-blog/node_modules/@astrojs/rss/dist/index.js:44:26)
    at async getRssResponse (file:///C:/Users/Galaxy/everrank-blog/node_modules/@astrojs/rss/dist/index.js:28:21)
    at async lastNext (file:///C:/Users/Galaxy/everrank-blog/node_modules/astro/dist/core/render-context.js:202:23)
    at async callMiddleware (file:///C:/Users/Galaxy/everrank-blog/node_modules/astro/dist/core/middleware/callMiddleware.js:11:10)
    at async generatePath (file:///C:/Users/Galaxy/everrank-blog/node_modules/astro/dist/core/build/generate.js:381:16)
[2m06:03:37[22m   [34mΓööΓöÇ[39m [2m/rss.xml[22m
